// Jest Snapshot v1, https://goo.gl/fbAQLP

exports[`ProgressBar renders 1`] = `
<View
  style={{}}
>
  <View
    animated={true}
    animationConfig={
      {
        "bounciness": 0,
      }
    }
    animationType="spring"
    indeterminate={false}
    indeterminateAnimationDuration={1000}
    onLayout={[Function]}
    progress={0.5}
    style={
      [
        {
          "backgroundColor": undefined,
          "borderColor": "rgb(98,0,238)",
          "borderRadius": 4,
          "borderWidth": 0,
          "overflow": "hidden",
          "width": null,
        },
        {
          "backgroundColor": "rgba(98,0,238, 0.2)",
          "borderRadius": 0,
          "borderWidth": 0,
          "height": 6,
        },
      ]
    }
    testID="progress-bar-test"
    useNativeDriver={false}
  >
    <View
      collapsable={false}
      style={
        {
          "backgroundColor": "rgb(98,0,238)",
          "height": 6,
          "transform": [
            {
              "translateX": -0,
            },
            {
              "translateX": -0,
            },
            {
              "scaleX": 0.50005,
            },
          ],
        }
      }
    />
  </View>
</View>
`;
