// Jest Snapshot v1, https://goo.gl/fbAQLP

exports[`Animation renders 1`] = `
<View
  collapsable={false}
  forwardedRef={[Function]}
  style={{}}
  testID="animation-test"
>
  <Text>
    Hello
  </Text>
</View>
`;
