// Jest Snapshot v1, https://goo.gl/fbAQLP

exports[`Popup menu renders 1`] = `
<View
  collapsable={false}
>
  <View>
    <View
      accessibilityState={
        {
          "busy": undefined,
          "checked": undefined,
          "disabled": undefined,
          "expanded": undefined,
          "selected": undefined,
        }
      }
      accessibilityValue={
        {
          "max": undefined,
          "min": undefined,
          "now": undefined,
          "text": undefined,
        }
      }
      accessible={true}
      focusable={true}
      nativeBackgroundAndroid={
        {
          "attribute": "selectableItemBackground",
          "rippleRadius": undefined,
          "type": "ThemeAttrAndroid",
        }
      }
      onClick={[Function]}
      onResponderGrant={[Function]}
      onResponderMove={[Function]}
      onResponderRelease={[Function]}
      onResponderTerminate={[Function]}
      onResponderTerminationRequest={[Function]}
      onStartShouldSetResponder={[Function]}
      pointerEvents="box-only"
      testID="popup-menu_trigger"
    >
      <Text>
        Menu Triggerer
      </Text>
    </View>
  </View>
  <Modal
    hardwareAccelerated={false}
    onDismiss={[Function]}
    onRequestClose={[Function]}
    supportedOrientations={
      [
        "portrait",
        "portrait-upside-down",
        "landscape",
        "landscape-left",
        "landscape-right",
      ]
    }
    transparent={true}
    visible={false}
  />
</View>
`;
