// Jest Snapshot v1, https://goo.gl/fbAQLP

exports[`Bottom sheet renders a custom bottom action sheet for ios (Basic modal) with custom style 1`] = `null`;

exports[`Bottom sheet renders a custom modal 1`] = `
<View
  style={
    {
      "bottom": 0,
      "left": 0,
      "opacity": 0,
      "position": "absolute",
      "right": 0,
      "top": 0,
    }
  }
>
  <RCTSafeAreaView
    onLayout={[Function]}
    style={
      {
        "flex": 1,
      }
    }
  />
</View>
`;

exports[`Bottom sheet renders a expanding 1`] = `
<View
  style={
    {
      "bottom": -1334,
      "position": "absolute",
    }
  }
>
  <View
    onLayout={[Function]}
    pointerEvents="box-none"
  >
    <View
      onLayout={[Function]}
      pointerEvents="box-none"
      style={{}}
    >
      <Text>
        Header
      </Text>
    </View>
    <Text>
      Content
    </Text>
  </View>
</View>
`;

exports[`Bottom sheet renders a expanding fullscreen 1`] = `
<View
  style={
    {
      "bottom": 0,
      "left": 0,
      "opacity": 0,
      "position": "absolute",
      "right": 0,
      "top": 0,
    }
  }
>
  <RCTSafeAreaView
    onLayout={[Function]}
    style={
      {
        "flex": 1,
      }
    }
  />
</View>
`;

exports[`Bottom sheet renders a expanding fullscreen with custom styles 1`] = `
<View
  style={
    {
      "bottom": 0,
      "left": 0,
      "opacity": 0,
      "position": "absolute",
      "right": 0,
      "top": 0,
    }
  }
>
  <RCTSafeAreaView
    onLayout={[Function]}
    style={
      {
        "flex": 1,
      }
    }
  />
</View>
`;

exports[`Bottom sheet renders a native bottom action sheet for ios (Basic modal) 1`] = `<View />`;
