// Jest Snapshot v1, https://goo.gl/fbAQLP

exports[`QRCode renders a qr code 1`] = `
<View
  style={{}}
  testID="qr-code-test"
>
  <RNSVGSvgView
    align="xMidYMid"
    bbHeight={100}
    bbWidth={100}
    focusable={false}
    height={100}
    meetOrSlice={0}
    minX={0}
    minY={0}
    style={
      [
        {
          "backgroundColor": "transparent",
          "borderWidth": 0,
        },
        {
          "flex": 0,
          "height": 100,
          "width": 100,
        },
      ]
    }
    vbHeight={100}
    vbWidth={100}
    width={100}
  >
    <RNSVGGroup>
      <RNSVGDefs>
        <RNSVGLinearGradient
          gradient={
            [
              0,
              -65536,
              1,
              -16711681,
            ]
          }
          gradientTransform={null}
          gradientUnits={0}
          name="grad"
          x1="0%"
          x2="100%"
          y1="0%"
          y2="100%"
        />
      </RNSVGDefs>
      <RNSVGGroup>
        <RNSVGRect
          fill={-1}
          height={100}
          propList={
            [
              "fill",
            ]
          }
          width={100}
          x={-0}
          y={-0}
        />
      </RNSVGGroup>
      <RNSVGGroup>
        <RNSVGPath
          d="M4.761904761904762 2.380952380952381 L33.333333333333336 2.380952380952381 M61.904761904761905 2.380952380952381 L61.904761904761905 2.380952380952381 M71.42857142857143 2.380952380952381 L100 2.380952380952381 M4.761904761904762 7.142857142857142 L4.761904761904762 7.142857142857142 M33.333333333333336 7.142857142857142 L33.333333333333336 7.142857142857142 M47.61904761904762 7.142857142857142 L47.61904761904762 7.142857142857142 M57.14285714285714 7.142857142857142 L57.14285714285714 7.142857142857142 M71.42857142857143 7.142857142857142 L71.42857142857143 7.142857142857142 M100 7.142857142857142 L100 7.142857142857142 M4.761904761904762 11.904761904761905 L4.761904761904762 11.904761904761905 M14.285714285714285 11.904761904761905 L23.80952380952381 11.904761904761905 M33.333333333333336 11.904761904761905 L33.333333333333336 11.904761904761905 M42.857142857142854 11.904761904761905 L42.857142857142854 11.904761904761905 M52.38095238095238 11.904761904761905 L61.904761904761905 11.904761904761905 M71.42857142857143 11.904761904761905 L71.42857142857143 11.904761904761905 M80.95238095238095 11.904761904761905 L90.47619047619048 11.904761904761905 M100 11.904761904761905 L100 11.904761904761905 M4.761904761904762 16.666666666666664 L4.761904761904762 16.666666666666664 M14.285714285714285 16.666666666666664 L23.80952380952381 16.666666666666664 M33.333333333333336 16.666666666666664 L33.333333333333336 16.666666666666664 M42.857142857142854 16.666666666666664 L42.857142857142854 16.666666666666664 M71.42857142857143 16.666666666666664 L71.42857142857143 16.666666666666664 M80.95238095238095 16.666666666666664 L90.47619047619048 16.666666666666664 M100 16.666666666666664 L100 16.666666666666664 M4.761904761904762 21.428571428571427 L4.761904761904762 21.428571428571427 M14.285714285714285 21.428571428571427 L23.80952380952381 21.428571428571427 M33.333333333333336 21.428571428571427 L33.333333333333336 21.428571428571427 M42.857142857142854 21.428571428571427 L47.61904761904762 21.428571428571427 M61.904761904761905 21.428571428571427 L61.904761904761905 21.428571428571427 M71.42857142857143 21.428571428571427 L71.42857142857143 21.428571428571427 M80.95238095238095 21.428571428571427 L90.47619047619048 21.428571428571427 M100 21.428571428571427 L100 21.428571428571427 M4.761904761904762 26.19047619047619 L4.761904761904762 26.19047619047619 M33.333333333333336 26.19047619047619 L33.333333333333336 26.19047619047619 M42.857142857142854 26.19047619047619 L57.14285714285714 26.19047619047619 M71.42857142857143 26.19047619047619 L71.42857142857143 26.19047619047619 M100 26.19047619047619 L100 26.19047619047619 M4.761904761904762 30.95238095238095 L33.333333333333336 30.95238095238095 M42.857142857142854 30.95238095238095 L42.857142857142854 30.95238095238095 M52.38095238095238 30.95238095238095 L52.38095238095238 30.95238095238095 M61.904761904761905 30.95238095238095 L61.904761904761905 30.95238095238095 M71.42857142857143 30.95238095238095 L100 30.95238095238095 M42.857142857142854 35.714285714285715 L42.857142857142854 35.714285714285715 M52.38095238095238 35.714285714285715 L52.38095238095238 35.714285714285715 M4.761904761904762 40.476190476190474 L4.761904761904762 40.476190476190474 M14.285714285714285 40.476190476190474 L33.333333333333336 40.476190476190474 M47.61904761904762 40.476190476190474 L57.14285714285714 40.476190476190474 M71.42857142857143 40.476190476190474 L90.47619047619048 40.476190476190474 M19.047619047619047 45.238095238095234 L23.80952380952381 45.238095238095234 M38.095238095238095 45.238095238095234 L42.857142857142854 45.238095238095234 M61.904761904761905 45.238095238095234 L66.66666666666667 45.238095238095234 M80.95238095238095 45.238095238095234 L90.47619047619048 45.238095238095234 M100 45.238095238095234 L100 45.238095238095234 M19.047619047619047 50 L19.047619047619047 50 M33.333333333333336 50 L33.333333333333336 50 M42.857142857142854 50 L52.38095238095238 50 M61.904761904761905 50 L71.42857142857143 50 M85.71428571428571 50 L95.23809523809524 50 M9.523809523809524 54.76190476190476 L14.285714285714285 54.76190476190476 M28.57142857142857 54.76190476190476 L28.57142857142857 54.76190476190476 M38.095238095238095 54.76190476190476 L38.095238095238095 54.76190476190476 M52.38095238095238 54.76190476190476 L66.66666666666667 54.76190476190476 M76.19047619047619 54.76190476190476 L76.19047619047619 54.76190476190476 M85.71428571428571 54.76190476190476 L90.47619047619048 54.76190476190476 M4.761904761904762 59.52380952380952 L9.523809523809524 59.52380952380952 M19.047619047619047 59.52380952380952 L33.333333333333336 59.52380952380952 M42.857142857142854 59.52380952380952 L42.857142857142854 59.52380952380952 M61.904761904761905 59.52380952380952 L61.904761904761905 59.52380952380952 M71.42857142857143 59.52380952380952 L76.19047619047619 59.52380952380952 M100 59.52380952380952 L100 59.52380952380952 M42.857142857142854 64.28571428571429 L42.857142857142854 64.28571428571429 M66.66666666666667 64.28571428571429 L85.71428571428571 64.28571428571429 M4.761904761904762 69.04761904761905 L33.333333333333336 69.04761904761905 M47.61904761904762 69.04761904761905 L52.38095238095238 69.04761904761905 M61.904761904761905 69.04761904761905 L76.19047619047619 69.04761904761905 M90.47619047619048 69.04761904761905 L95.23809523809524 69.04761904761905 M4.761904761904762 73.80952380952381 L4.761904761904762 73.80952380952381 M33.333333333333336 73.80952380952381 L33.333333333333336 73.80952380952381 M42.857142857142854 73.80952380952381 L42.857142857142854 73.80952380952381 M52.38095238095238 73.80952380952381 L52.38095238095238 73.80952380952381 M61.904761904761905 73.80952380952381 L66.66666666666667 73.80952380952381 M76.19047619047619 73.80952380952381 L76.19047619047619 73.80952380952381 M85.71428571428571 73.80952380952381 L95.23809523809524 73.80952380952381 M4.761904761904762 78.57142857142857 L4.761904761904762 78.57142857142857 M14.285714285714285 78.57142857142857 L23.80952380952381 78.57142857142857 M33.333333333333336 78.57142857142857 L33.333333333333336 78.57142857142857 M42.857142857142854 78.57142857142857 L47.61904761904762 78.57142857142857 M57.14285714285714 78.57142857142857 L71.42857142857143 78.57142857142857 M80.95238095238095 78.57142857142857 L80.95238095238095 78.57142857142857 M95.23809523809524 78.57142857142857 L100 78.57142857142857 M4.761904761904762 83.33333333333333 L4.761904761904762 83.33333333333333 M14.285714285714285 83.33333333333333 L23.80952380952381 83.33333333333333 M33.333333333333336 83.33333333333333 L33.333333333333336 83.33333333333333 M42.857142857142854 83.33333333333333 L42.857142857142854 83.33333333333333 M52.38095238095238 83.33333333333333 L52.38095238095238 83.33333333333333 M76.19047619047619 83.33333333333333 L85.71428571428571 83.33333333333333 M4.761904761904762 88.09523809523809 L4.761904761904762 88.09523809523809 M14.285714285714285 88.09523809523809 L23.80952380952381 88.09523809523809 M33.333333333333336 88.09523809523809 L33.333333333333336 88.09523809523809 M42.857142857142854 88.09523809523809 L61.904761904761905 88.09523809523809 M71.42857142857143 88.09523809523809 L76.19047619047619 88.09523809523809 M90.47619047619048 88.09523809523809 L90.47619047619048 88.09523809523809 M4.761904761904762 92.85714285714286 L4.761904761904762 92.85714285714286 M33.333333333333336 92.85714285714286 L33.333333333333336 92.85714285714286 M52.38095238095238 92.85714285714286 L52.38095238095238 92.85714285714286 M61.904761904761905 92.85714285714286 L66.66666666666667 92.85714285714286 M80.95238095238095 92.85714285714286 L90.47619047619048 92.85714285714286 M4.761904761904762 97.61904761904762 L33.333333333333336 97.61904761904762 M42.857142857142854 97.61904761904762 L47.61904761904762 97.61904761904762 M57.14285714285714 97.61904761904762 L57.14285714285714 97.61904761904762 M71.42857142857143 97.61904761904762 L71.42857142857143 97.61904761904762 M80.95238095238095 97.61904761904762 L80.95238095238095 97.61904761904762 M95.23809523809524 97.61904761904762 L95.23809523809524 97.61904761904762 "
          propList={
            [
              "stroke",
              "strokeWidth",
            ]
          }
          stroke={-16777216}
          strokeWidth={4.761904761904762}
        />
      </RNSVGGroup>
    </RNSVGGroup>
  </RNSVGSvgView>
</View>
`;

exports[`QRCode renders an empty container when there is no value 1`] = `
<View
  style={{}}
  testID="qr-code-test"
/>
`;
