// Jest Snapshot v1, https://goo.gl/fbAQLP

exports[`ProgressCircle renders 1`] = `
<View
  style={{}}
>
  <View
    indeterminateAnimationDuration={1000}
    style={
      [
        {
          "backgroundColor": "transparent",
          "overflow": "hidden",
        },
        undefined,
      ]
    }
    testID="progress-circle-test"
  >
    <ARTSurfaceView
      style={
        [
          {
            "transform": [
              {
                "rotate": "0deg",
              },
            ],
          },
          {
            "height": 100,
            "width": 100,
          },
        ]
      }
    >
      <ARTShape
        d={
          [
            0,
            50,
            2.5,
            3,
            76.23352561696268,
            2.5,
            97.5,
            23.766474383037306,
            97.5,
            49.99999999999999,
            3,
            97.5,
            76.23352561696268,
            76.2335256169627,
            97.5,
            50.000000000000014,
            97.5,
          ]
        }
        fill={null}
        opacity={1}
        stroke="#6200ee"
        strokeCap={2}
        strokeDash={null}
        strokeJoin={1}
        strokeWidth={3}
        transform={
          [
            1,
            0,
            0,
            1,
            0,
            0,
          ]
        }
      />
      <ARTShape
        d={
          [
            0,
            50,
            0.5,
            4,
            50,
            50,
            49.5,
            -1.5707963267948966,
            1.5707963267948966,
            1,
            4,
            50,
            50,
            49.5,
            1.5707963267948966,
            -1.5707963267948966,
            1,
            1,
          ]
        }
        fill={null}
        opacity={1}
        stroke="#6200ee"
        strokeCap={2}
        strokeDash={null}
        strokeJoin={1}
        strokeWidth={1}
        transform={
          [
            1,
            0,
            0,
            1,
            0,
            0,
          ]
        }
      />
    </ARTSurfaceView>
    <View
      style={
        {
          "alignItems": "center",
          "borderRadius": 46,
          "height": 92,
          "justifyContent": "center",
          "left": 4,
          "position": "absolute",
          "top": 4,
          "width": 92,
        }
      }
    >
      <Text
        allowFontScaling={true}
        style={
          [
            {
              "color": "rgb(98,0,238)",
              "fontSize": 20.444444444444443,
              "fontWeight": "300",
            },
            {
              "color": "rgb(98,0,238)",
              "fontSize": 18,
            },
          ]
        }
      >
        50%
      </Text>
    </View>
  </View>
</View>
`;
